npx : PASS tests/clipboard.test.js
所在位置 行:1 字符: 1
+ npx jest --no-color > jest_output.txt 2>&1; Get-Content jest_output.t ...
+ ~~~~~~~~~~~~~~~~~~~~~~~~~~~~~~~~~~~~~~~~~~
    + CategoryInfo          : NotSpecified: (PASS tests/clipboard.test.js:String) [], RemoteException
    + FullyQualifiedErrorId : NativeCommandError
 
PASS tests/core.test.js
PASS tests/reverse.test.js
PASS tests/helpers.test.js
PASS tests/converter.test.js

Test Suites: 5 passed, 5 total
Tests:       73 passed, 73 total
Snapshots:   0 total
Time:        1.889 s, estimated 2 s
Ran all test suites.
